Microchip MPLAB XC8 Compiler V3.00

Linker command line:

-W-3 \
  --edf=C:\Program Files\Microchip\xc8\v3.00\pic\dat\20241204225717_en.msgs \
  -cn -h+dist/default/production\Microoven.X.production.sym \
  --cmf=dist/default/production\Microoven.X.production.cmf -z -Q16F877A \
  -oC:\Users\dhara\AppData\Local\Temp\xcAsb1c.\driver_tmp_3.o \
  --defsym=__MPLAB_BUILD=1 --fixupoverflow=error \
  -Mdist/default/production/Microoven.X.production.map \
  --md=C:\Users\dhara\AppData\Local\Temp\xcAsb1c.\driver_tmp_0.dat -E1 \
  -ver=XC8 Compiler -ACODE=00h-07FFhx4 -ASTRCODE=00h-01FFFh \
  -ASTRING=00h-0FFhx32 -ACONST=00h-0FFhx32 -AENTRY=00h-0FFhx32 \
  -ACOMMON=070h-07Fh -ABANK0=020h-06Fh -ABANK1=0A0h-0EFh \
  -ABANK2=0110h-016Fh -ABANK3=0190h-01EFh \
  -ARAM=020h-06Fh,0A0h-0EFh,0110h-016Fh,0190h-01EFh \
  -AABS1=020h-07Fh,0A0h-0EFh,0110h-016Fh,0190h-01EFh -ASFR0=00h-01Fh \
  -ASFR1=080h-09Fh -ASFR2=0100h-010Fh -ASFR3=0180h-018Fh \
  -ACONFIG=02007h-02007h -DCONFIG=2 -AIDLOC=02000h-02003h -DIDLOC=2 \
  -AEEDATA=00h-0FFh/02100h -peeprom_data=EEDATA -DEEDATA=2 -DCODE=2 \
  -DSTRCODE=2 -DSTRING=2 -DCONST=2 -DENTRY=2 \
  -preset_vec=00h,intentry=04h,sivt,init,end_init -ppowerup=CODE \
  -pcinit=CODE -pfunctab=ENTRY -k \
  C:\Users\dhara\AppData\Local\Temp\xcAsb1c.\driver_tmp_12.o \
  dist/default/production\Microoven.X.production.o 

Object code version is 3.11

Machine type is 16F877A



                Name                               Link     Load   Length Selector   Space Scale
C:\Users\dhara\AppData\Local\Temp\xcAsb1c.\driver_tmp_12.o
                end_init                              C        C        3        8       0
                reset_vec                             0        0        3        0       0
                config                             2007     2007        1        0       4
dist/default/production\Microoven.X.production.o
                cinit                                 F        F       1B        8       0
                intentry                              4        4        8        8       0
                config                             2007     2007        1        0       4
                text24                              F28      F28       3D     1E50       0
                text23                              EB8      EB8       36     1D70       0
                text22                              E49      E49       25     1C92       0
                text21                              E6E      E6E       25     1CDC       0
                text20                              DC7      DC7        A     1B8E       0
                text19                              424      424       63        8       0
                text18                              DD1      DD1        D     1BA2       0
                text17                              DDE      DDE       10     1BBC       0
                text16                              E12      E12       14     1C24       0
                text15                              7DF      7DF       1E      BD4       0
                text14                              4E4      4E4       15        8       0
                text13                              487      487       5D        8       0
                text12                              6CE      6CE       AC      BD4       0
                text11                              E26      E26       23     1C4C       0
                text10                              77A      77A       65      BD4       0
                text9                               FA7      FA7       59     1F4E       0
                text8                               F65      F65       42     1ECA       0
                text7                               EEE      EEE       3A     1DDC       0
                text6                               E93      E93       25     1D26       0
                text5                               DEE      DEE       11     1BDC       0
                text4                                2A       2A      194        8       0
                text3                               DFF      DFF       13     1BFE       0
                text2                               1BE      1BE      138        8       0
                text1                               5EA      5EA       E4      BD4       0
                maintext                            2F6      2F6      12E        8       0
                cstackBANK0                          20       20       16       20       1
                cstackCOMMON                         70       70        9       70       1
                dataBANK0                            3F       3F        1       20       1
                bssBANK0                             36       36        9       20       1
                dataCOMMON                           7B       7B        1       70       1
                bssCOMMON                            79       79        2       70       1
                strings                             500      500       EA      A00       0
                idataBANK0                          7FE      7FE        1      BD4       0
                idataCOMMON                         7FD      7FD        1      BD4       0

TOTAL           Name                               Link     Load   Length     Space
        CLASS   CODE           
                end_init                              C        C        3         0
                cinit                                 F        F       1B         0
                intentry                              4        4        8         0
                reset_vec                             0        0        3         0
                text24                              F28      F28       3D         0
                text23                              EB8      EB8       36         0
                text22                              E49      E49       25         0
                text21                              E6E      E6E       25         0
                text20                              DC7      DC7        A         0
                text19                              424      424       63         0
                text18                              DD1      DD1        D         0
                text17                              DDE      DDE       10         0
                text16                              E12      E12       14         0
                text15                              7DF      7DF       1E         0
                text14                              4E4      4E4       15         0
                text13                              487      487       5D         0
                text12                              6CE      6CE       AC         0
                text11                              E26      E26       23         0
                text10                              77A      77A       65         0
                text9                               FA7      FA7       59         0
                text8                               F65      F65       42         0
                text7                               EEE      EEE       3A         0
                text6                               E93      E93       25         0
                text5                               DEE      DEE       11         0
                text4                                2A       2A      194         0
                text3                               DFF      DFF       13         0
                text2                               1BE      1BE      138         0
                text1                               5EA      5EA       E4         0
                maintext                            2F6      2F6      12E         0
                idataBANK0                          7FE      7FE        1         0
                idataCOMMON                         7FD      7FD        1         0

        CLASS   STRCODE        

        CLASS   STRING         
                strings                             500      500       EA         0

        CLASS   CONST          

        CLASS   ENTRY          

        CLASS   COMMON         
                cstackCOMMON                         70       70        9         1
                dataCOMMON                           7B       7B        1         1
                bssCOMMON                            79       79        2         1

        CLASS   BANK0          
                cstackBANK0                          20       20       16         1
                dataBANK0                            3F       3F        1         1
                bssBANK0                             36       36        9         1

        CLASS   BANK1          

        CLASS   BANK2          

        CLASS   BANK3          

        CLASS   RAM            

        CLASS   ABS1           
                abs_s1                               7E       7E        2         1

        CLASS   SFR0           

        CLASS   SFR1           

        CLASS   SFR2           

        CLASS   SFR3           

        CLASS   CONFIG         
                config                             2007     2007        1         4

        CLASS   IDLOC          

        CLASS   EEDATA         

        CLASS   HEAP           

        CLASS   STACK          



SEGMENTS        Name                           Load    Length   Top    Selector   Space  Class     Delta

                reset_vec                      000000  000003  000003         0       0  CODE        2
                intentry                       000004  0004F5  0004F9         8       0  CODE        2
                cstackBANK0                    000020  000020  000040        20       1  BANK0       1
                cstackCOMMON                   000070  00000C  00007C        70       1  COMMON      1
                strings                        000500  0000EA  0005EA       A00       0  STRING      2
                text1                          0005EA  000215  0007FF       BD4       0  CODE        2
                text20                         000DC7  00000A  000DD1      1B8E       0  CODE        2
                text18                         000DD1  00000D  000DDE      1BA2       0  CODE        2
                text17                         000DDE  000010  000DEE      1BBC       0  CODE        2
                text5                          000DEE  000011  000DFF      1BDC       0  CODE        2
                text3                          000DFF  000013  000E12      1BFE       0  CODE        2
                text16                         000E12  000014  000E26      1C24       0  CODE        2
                text11                         000E26  000023  000E49      1C4C       0  CODE        2
                text22                         000E49  000025  000E6E      1C92       0  CODE        2
                text21                         000E6E  000025  000E93      1CDC       0  CODE        2
                text6                          000E93  000025  000EB8      1D26       0  CODE        2
                text23                         000EB8  000036  000EEE      1D70       0  CODE        2
                text7                          000EEE  00003A  000F28      1DDC       0  CODE        2
                text24                         000F28  00003D  000F65      1E50       0  CODE        2
                text8                          000F65  000042  000FA7      1ECA       0  CODE        2
                text9                          000FA7  000059  001000      1F4E       0  CODE        2


UNUSED ADDRESS RANGES

        Name                Unused          Largest block    Delta
        BANK0            0040-006F             30           1
        BANK1            00A0-00EF             50           1
        BANK2            0110-016F             60           1
        BANK3            0190-01EF             60           1
        CODE             0003-0003              1           2
                         04F9-04FF              7
                         07FF-0DC6              1
                         1000-1FFF            800
        COMMON           007C-007D              2           1
        CONST            0003-0003              1           2
                         04F9-04FF              7
                         07FF-0DC6            100
                         1000-1FFF            100
        EEDATA           2100-21FF            100           2
        ENTRY            0003-0003              1           2
                         04F9-04FF              7
                         07FF-0DC6            100
                         1000-1FFF            100
        IDLOC            2000-2003              4           2
        RAM              0040-006F             30           1
                         00A0-00EF             50
                         0110-016F             60
                         0190-01EF             60
        SFR0             0000-001F             20           1
        SFR1             0080-009F             20           1
        SFR2             0100-010F             10           1
        SFR3             0180-018F             10           1
        STRCODE          0003-0003              1           2
                         04F9-04FF              7
                         07FF-0DC6            5C8
                         1000-1FFF           1000
        STRING           0003-0003              1           2
                         04F9-04FF              7
                         07FF-0DC6            100
                         1000-1FFF            100

                                  Symbol Table

?___awdiv                        cstackCOMMON 0072
?___awmod                        cstackBANK0  0024
?___lwdiv                        cstackCOMMON 0072
?___lwmod                        cstackBANK0  0020
?___wmul                         cstackCOMMON 0072
_GIE                             (abs)        005F
_PEIE                            (abs)        005E
_PORTD                           (abs)        0008
_PR2                             (abs)        0092
_RB0                             (abs)        0030
_RB1                             (abs)        0031
_RB2                             (abs)        0032
_RC1                             (abs)        0039
_RC2                             (abs)        003A
_RD0                             (abs)        0040
_RD1                             (abs)        0041
_RD2                             (abs)        0042
_RD3                             (abs)        0043
_RE1                             (abs)        0049
_RE2                             (abs)        004A
_T2CKPS0                         (abs)        0090
_T2CKPS1                         (abs)        0091
_TMR2IE                          (abs)        0461
_TMR2IF                          (abs)        0061
_TMR2ON                          (abs)        0092
_TOUTPS0                         (abs)        0093
_TOUTPS1                         (abs)        0094
_TOUTPS2                         (abs)        0095
_TOUTPS3                         (abs)        0096
_TRISB                           (abs)        0086
_TRISC1                          (abs)        0439
_TRISC2                          (abs)        043A
_TRISD                           (abs)        0088
_TRISE1                          (abs)        0449
_TRISE2                          (abs)        044A
__H__absolute__                  __absolute__ 0000
__Habs1                          abs1         0000
__Hbank0                         bank0        0000
__Hbank1                         bank1        0000
__Hbank2                         bank2        0000
__Hbank3                         bank3        0000
__HbssBANK0                      bssBANK0     0000
__HbssCOMMON                     bssCOMMON    0000
__Hcinit                         cinit        002A
__Hclrtext                       clrtext      0000
__Hcode                          code         0000
__Hcommon                        common       0000
__Hconfig                        config       2008
__HcstackBANK0                   cstackBANK0  0000
__HcstackCOMMON                  cstackCOMMON 0000
__HdataBANK0                     dataBANK0    0000
__HdataCOMMON                    dataCOMMON   0000
__Heeprom_data                   eeprom_data  0000
__Hend_init                      end_init     000F
__Hfunctab                       functab      0000
__Hheap                          heap         0000
__HidataBANK0                    idataBANK0   0000
__HidataCOMMON                   idataCOMMON  0000
__Hinit                          init         000C
__Hintentry                      intentry     000C
__Hmaintext                      maintext     0000
__Hpowerup                       powerup      0000
__Hram                           ram          0000
__Hreset_vec                     reset_vec    0003
__Hsfr0                          sfr0         0000
__Hsfr1                          sfr1         0000
__Hsfr2                          sfr2         0000
__Hsfr3                          sfr3         0000
__Hsivt                          sivt         000C
__Hspace_0                       (abs)        1000
__Hspace_1                       (abs)        007C
__Hspace_2                       (abs)        0000
__Hspace_3                       (abs)        0000
__Hspace_4                       (abs)        400F
__Hstack                         stack        0000
__Hstrings                       strings      0000
__Htext                          text         0000
__L__absolute__                  __absolute__ 0000
__Labs1                          abs1         0000
__Lbank0                         bank0        0000
__Lbank1                         bank1        0000
__Lbank2                         bank2        0000
__Lbank3                         bank3        0000
__LbssBANK0                      bssBANK0     0000
__LbssCOMMON                     bssCOMMON    0000
__Lcinit                         cinit        000F
__Lclrtext                       clrtext      0000
__Lcode                          code         0000
__Lcommon                        common       0000
__Lconfig                        config       0000
__LcstackBANK0                   cstackBANK0  0000
__LcstackCOMMON                  cstackCOMMON 0000
__LdataBANK0                     dataBANK0    0000
__LdataCOMMON                    dataCOMMON   0000
__Leeprom_data                   eeprom_data  0000
__Lend_init                      end_init     000C
__Lfunctab                       functab      0000
__Lheap                          heap         0000
__LidataBANK0                    idataBANK0   0000
__LidataCOMMON                   idataCOMMON  0000
__Linit                          init         000C
__Lintentry                      intentry     0004
__Lmaintext                      maintext     0000
__Lpowerup                       powerup      0000
__Lram                           ram          0000
__Lreset_vec                     reset_vec    0000
__Lsfr0                          sfr0         0000
__Lsfr1                          sfr1         0000
__Lsfr2                          sfr2         0000
__Lsfr3                          sfr3         0000
__Lsivt                          sivt         000C
__Lspace_0                       (abs)        0000
__Lspace_1                       (abs)        0000
__Lspace_2                       (abs)        0000
__Lspace_3                       (abs)        0000
__Lspace_4                       (abs)        0000
__Lstack                         stack        0000
__Lstrings                       strings      0000
__Ltext                          text         0000
__S0                             (abs)        1000
__S1                             (abs)        007C
__S3                             (abs)        0000
___awdiv                         text10       077A
___awdiv@counter                 cstackBANK0  0020
___awdiv@dividend                cstackCOMMON 0074
___awdiv@divisor                 cstackCOMMON 0072
___awdiv@quotient                cstackBANK0  0022
___awdiv@sign                    cstackBANK0  0021
___awmod                         text9        0FA7
___awmod@counter                 cstackCOMMON 0076
___awmod@dividend                cstackBANK0  0026
___awmod@divisor                 cstackBANK0  0024
___awmod@sign                    cstackCOMMON 0077
___bmul                          text3        0DFF
___bmul@multiplicand             cstackCOMMON 0072
___bmul@multiplier               cstackCOMMON 0074
___bmul@product                  cstackCOMMON 0073
___heap_hi                       (abs)        0000
___heap_lo                       (abs)        0000
___int_sp                        stack        0000
___int_stack_hi                  stack        0000
___int_stack_lo                  stack        0000
___latbits                       (abs)        0002
___lwdiv                         text8        0F65
___lwdiv@counter                 cstackCOMMON 0078
___lwdiv@dividend                cstackCOMMON 0074
___lwdiv@divisor                 cstackCOMMON 0072
___lwdiv@quotient                cstackCOMMON 0076
___lwmod                         text7        0EEE
___lwmod@counter                 cstackBANK0  0024
___lwmod@dividend                cstackBANK0  0022
___lwmod@divisor                 cstackBANK0  0020
___sp                            stack        0000
___stack_hi                      stack        0000
___stack_lo                      stack        0000
___stackhi                       (abs)        0000
___stacklo                       (abs)        0000
___wmul                          text6        0E93
___wmul@multiplicand             cstackCOMMON 0074
___wmul@multiplier               cstackCOMMON 0072
___wmul@product                  cstackCOMMON 0076
__end_of___awdiv                 text10       07DF
__end_of___awmod                 text9        1000
__end_of___bmul                  text3        0E12
__end_of___lwdiv                 text8        0FA7
__end_of___lwmod                 text7        0F28
__end_of___wmul                  text6        0EB8
__end_of__initialization         cinit        0026
__end_of__stringtab              strings      0506
__end_of_clcd_print              text22       0E6E
__end_of_clcd_putch              text14       04F9
__end_of_clcd_write              text23       0EEE
__end_of_clear_screen            text5        0DFF
__end_of_display_menu_screen     text21       0E93
__end_of_heat_food               text20       0DD1
__end_of_init_clcd               text18       0DDE
__end_of_init_config             text15       07FD
__end_of_init_display_controller text19       0487
__end_of_init_matrix_keypad      text17       0DEE
__end_of_init_timer2             text16       0E26
__end_of_isr                     text24       0F65
__end_of_main                    maintext     0424
__end_of_power_on_screen         text13       04E4
__end_of_read_matrix_keypad      text11       0E49
__end_of_scan_keypad             text12       077A
__end_of_set_temp                text4        01BE
__end_of_set_time                text2        02F6
__end_of_time_display            text1        06CE
__initialization                 cinit        000F
__pbssBANK0                      bssBANK0     0036
__pbssCOMMON                     bssCOMMON    0079
__pcstackBANK0                   cstackBANK0  0020
__pcstackCOMMON                  cstackCOMMON 0070
__pdataBANK0                     dataBANK0    003F
__pdataCOMMON                    dataCOMMON   007B
__pidataBANK0                    idataBANK0   07FE
__pidataCOMMON                   idataCOMMON  07FD
__pintentry                      intentry     0004
__pmaintext                      maintext     02F6
__pstrings                       strings      0500
__ptext1                         text1        05EA
__ptext10                        text10       077A
__ptext11                        text11       0E26
__ptext12                        text12       06CE
__ptext13                        text13       0487
__ptext14                        text14       04E4
__ptext15                        text15       07DF
__ptext16                        text16       0E12
__ptext17                        text17       0DDE
__ptext18                        text18       0DD1
__ptext19                        text19       0424
__ptext2                         text2        01BE
__ptext20                        text20       0DC7
__ptext21                        text21       0E6E
__ptext22                        text22       0E49
__ptext23                        text23       0EB8
__ptext24                        text24       0F28
__ptext3                         text3        0DFF
__ptext4                         text4        002A
__ptext5                         text5        0DEE
__ptext6                         text6        0E93
__ptext7                         text7        0EEE
__ptext8                         text8        0F65
__ptext9                         text9        0FA7
__stringbase                     strings      0505
__stringtab                      strings      0500
_clcd_print                      text22       0E49
_clcd_putch                      text14       04E4
_clcd_write                      text23       0EB8
_clear_screen                    text5        0DEE
_count                           bssCOMMON    0079
_display_menu_screen             text21       0E6E
_heat_food                       text20       0DC7
_init_clcd                       text18       0DD1
_init_config                     text15       07DF
_init_display_controller         text19       0424
_init_matrix_keypad              text17       0DDE
_init_timer2                     text16       0E12
_isr                             text24       0F28
_main                            maintext     02F6
_min                             bssBANK0     003D
_nRBPU                           (abs)        040F
_operational_flag                dataBANK0    003F
_power_on_screen                 text13       0487
_pre_heat_time                   bssBANK0     003B
_read_matrix_keypad              text11       0E26
_reset_flag                      bssBANK0     003C
_scan_keypad                     text12       06CE
_sec                             bssBANK0     003E
_set_temp                        text4        002A
_set_time                        text2        01BE
_time_display                    text1        05EA
btemp                            (abs)        007E
clcd_print@addr                  cstackCOMMON 0077
clcd_print@str                   cstackCOMMON 0076
clcd_putch@addr                  cstackBANK0  0028
clcd_putch@data                  cstackBANK0  0029
clcd_write@byte                  cstackCOMMON 0075
clcd_write@mode                  cstackCOMMON 0072
end_of_initialization            cinit        0026
interrupt_function               intentry     0004
intlevel0                        functab      0000
intlevel1                        functab      0000
intlevel2                        functab      0000
intlevel3                        functab      0000
intlevel4                        functab      0000
intlevel5                        functab      0000
main@key                         cstackBANK0  0035
main@start_mode                  cstackBANK0  0034
power_on_screen@i                cstackBANK0  002D
power_on_screen@i_181            cstackBANK0  002F
read_matrix_keypad@key           cstackCOMMON 0075
read_matrix_keypad@mode          cstackCOMMON 0074
read_matrix_keypad@once          dataCOMMON   007B
reset_vec                        reset_vec    0000
saved_w                          (abs)        007E
scan_keypad@i                    cstackCOMMON 0072
set_temp@key                     cstackBANK0  002E
set_temp@key_count               bssBANK0     0038
set_temp@reset_flag              cstackBANK0  002A
set_temp@temp                    bssBANK0     0036
set_temp@wait                    cstackBANK0  002D
set_time@blink_pos               bssBANK0     003A
set_time@key                     cstackBANK0  002E
set_time@key_count               bssBANK0     0039
set_time@reset_flag              cstackBANK0  002A
set_time@wait                    cstackBANK0  002D
start                            init         000C
start_initialization             cinit        000F
wtemp0                           (abs)        007E


MODULE INFORMATION

Module		Function		Class		Link	Load	Size
timers.c
		_init_timer2   		CODE           	0E12	0000	20

timers.c estimated size: 20

matrix_keypad.c
		_init_matrix_keypad		CODE           	0DDE	0000	16
		_read_matrix_keypad		CODE           	0E26	0000	35
		_scan_keypad   		CODE           	06CE	0000	172

matrix_keypad.c estimated size: 223

C:\Program Files\Microchip\xc8\v3.00\pic\sources\c99\common\Umul16.c
		___wmul        		CODE           	0E93	0000	37

C:\Program Files\Microchip\xc8\v3.00\pic\sources\c99\common\Umul16.c estimated size: 37

microoven.c
		_heat_food     		CODE           	0DC7	0000	10
		_set_temp      		CODE           	002A	0000	404
		_display_menu_screen		CODE           	0E6E	0000	37
		_clear_screen  		CODE           	0DEE	0000	17
		_power_on_screen		CODE           	0487	0000	93
		_set_time      		CODE           	01BE	0000	312
		_time_display  		CODE           	05EA	0000	228

microoven.c estimated size: 1101

C:\Program Files\Microchip\xc8\v3.00\pic\sources\c99\common\lwmod.c
		___lwmod       		CODE           	0EEE	0000	58

C:\Program Files\Microchip\xc8\v3.00\pic\sources\c99\common\lwmod.c estimated size: 58

C:\Program Files\Microchip\xc8\v3.00\pic\sources\c99\common\awmod.c
		___awmod       		CODE           	0FA7	0000	89

C:\Program Files\Microchip\xc8\v3.00\pic\sources\c99\common\awmod.c estimated size: 89

isr.c
		_isr           		CODE           	0F28	0000	61

isr.c estimated size: 61

shared
		__stringtab    		STRING         	0500	0000	6
		__initialization		CODE           	000F	0000	23

shared estimated size: 29

clcd.c
		_clcd_write    		CODE           	0EB8	0000	54
		_clcd_print    		CODE           	0E49	0000	37
		_clcd_putch    		CODE           	04E4	0000	21
		_init_display_controller		CODE           	0424	0000	99
		_init_clcd     		CODE           	0DD1	0000	13

clcd.c estimated size: 224

C:\Program Files\Microchip\xc8\v3.00\pic\sources\c99\common\lwdiv.c
		___lwdiv       		CODE           	0F65	0000	66

C:\Program Files\Microchip\xc8\v3.00\pic\sources\c99\common\lwdiv.c estimated size: 66

C:\Program Files\Microchip\xc8\v3.00\pic\sources\c99\common\awdiv.c
		___awdiv       		CODE           	077A	0000	101

C:\Program Files\Microchip\xc8\v3.00\pic\sources\c99\common\awdiv.c estimated size: 101

main.c
		_main          		CODE           	02F6	0000	302
		_init_config   		CODE           	07DF	0000	30

main.c estimated size: 332

C:\Program Files\Microchip\xc8\v3.00\pic\sources\c99\common\Umul8.c
		___bmul        		CODE           	0DFF	0000	19

C:\Program Files\Microchip\xc8\v3.00\pic\sources\c99\common\Umul8.c estimated size: 19

